分类: ☘️央视频道, 名称: CCTV1, 有效: 1, IPv4: 6, IPv6: 0, 最小延迟: 586 ms, 最高速率: 4.26 M/s, 平均速率: 4.26 M/s, 最高分辨率: 1920x1080, 平均帧率: 37.50, 视频编解码器: h264, 音频编解码器: aac
分类: ☘️央视频道, 名称: CCTV2, 有效: 1, IPv4: 6, IPv6: 0, 最小延迟: 554 ms, 最高速率: 4.32 M/s, 平均速率: 4.32 M/s, 最高分辨率: 1920x1080, 平均帧率: 33.33, 视频编解码器: h264, 音频编解码器: aac
分类: ☘️央视频道, 名称: CCTV3, 有效: 1, IPv4: 6, IPv6: 0, 最小延迟: 538 ms, 最高速率: 7.11 M/s, 平均速率: 7.11 M/s, 最高分辨率: 1920x1080, 平均帧率: 33.33, 视频编解码器: h264, 音频编解码器: aac
分类: ☘️央视频道, 名称: CCTV5+, 有效: 0, IPv4: 4, IPv6: 0, 最小延迟: 10143 ms, 最高速率: 0.16 M/s, 平均速率: 0.00 M/s, 最高分辨率: 1920x1080, 平均帧率: 50.00, 视频编解码器: h264, 音频编解码器: mp2
分类: ☘️央视频道, 名称: CCTV4, 有效: 1, IPv4: 6, IPv6: 0, 最小延迟: 547 ms, 最高速率: 1.94 M/s, 平均速率: 0.90 M/s, 最高分辨率: 1920x1080, 平均帧率: 33.33, 视频编解码器: h264, 音频编解码器: aac
分类: ☘️央视频道, 名称: CCTV5, 有效: 1, IPv4: 6, IPv6: 0, 最小延迟: 555 ms, 最高速率: 1.62 M/s, 平均速率: 0.83 M/s, 最高分辨率: 1920x1080, 平均帧率: 31.25, 视频编解码器: h264, 音频编解码器: aac
分类: ☘️央视频道, 名称: CCTV6, 有效: 1, IPv4: 6, IPv6: 0, 最小延迟: 486 ms, 最高速率: 3.28 M/s, 平均速率: 0.74 M/s, 最高分辨率: 1920x1080, 平均帧率: 33.33, 视频编解码器: h264, 音频编解码器: aac
分类: ☘️央视频道, 名称: CCTV7, 有效: 1, IPv4: 6, IPv6: 0, 最小延迟: 613 ms, 最高速率: 1.64 M/s, 平均速率: 1.06 M/s, 最高分辨率: 1920x1080, 平均帧率: 33.33, 视频编解码器: h264, 音频编解码器: aac
分类: ☘️央视频道, 名称: CCTV8, 有效: 1, IPv4: 6, IPv6: 0, 最小延迟: 443 ms, 最高速率: 2.13 M/s, 平均速率: 1.07 M/s, 最高分辨率: 1920x1080, 平均帧率: 33.33, 视频编解码器: h264, 音频编解码器: aac
分类: ☘️央视频道, 名称: CCTV9, 有效: 1, IPv4: 6, IPv6: 0, 最小延迟: 1050 ms, 最高速率: 1.30 M/s, 平均速率: 1.28 M/s, 最高分辨率: 1920x1080, 平均帧率: 33.33, 视频编解码器: h264, 音频编解码器: aac
分类: ☘️央视频道, 名称: CCTV10, 有效: 1, IPv4: 6, IPv6: 0, 最小延迟: 1100 ms, 最高速率: 1.12 M/s, 平均速率: 1.12 M/s, 最高分辨率: 1920x1080, 平均帧率: 31.25, 视频编解码器: h264, 音频编解码器: aac
分类: ☘️央视频道, 名称: CCTV11, 有效: 0, IPv4: 6, IPv6: 0, 最小延迟: 589 ms, 最高速率: 4.67 M/s, 平均速率: 0.00 M/s, 最高分辨率: 1920x1080, 平均帧率: 41.67, 视频编解码器: h264, 音频编解码器: mp2
分类: ☘️央视频道, 名称: CCTV16, 有效: 0, IPv4: 4, IPv6: 0, 最小延迟: 1132 ms, 最高速率: 1.54 M/s, 平均速率: 0.00 M/s, 最高分辨率: 1280x720, 平均帧率: 25.00, 视频编解码器: h264, 音频编解码器: aac
分类: ☘️央视频道, 名称: CCTV4K, 有效: 0, IPv4: 1, IPv6: 0, 最小延迟: 388 ms, 最高速率: 3.77 M/s, 平均速率: 0.00 M/s, 最高分辨率: 1280x720, 平均帧率: 25.00, 视频编解码器: h264, 音频编解码器: aac
分类: ☘️央视频道, 名称: CCTV8K, 有效: 0, IPv4: 1, IPv6: 0, 最小延迟: 477 ms, 最高速率: 7.47 M/s, 平均速率: 0.00 M/s, 最高分辨率: 1280x720, 平均帧率: 25.00, 视频编解码器: h264, 音频编解码器: aac
分类: ☘️央视频道, 名称: CCTV12, 有效: 0, IPv4: 6, IPv6: 0, 最小延迟: 477 ms, 最高速率: 2.75 M/s, 平均速率: 0.00 M/s, 最高分辨率: 1920x1080, 平均帧率: 37.50, 视频编解码器: h264, 音频编解码器: aac
分类: ☘️央视频道, 名称: CCTV第一剧场, 有效: 1, IPv4: 3, IPv6: 0, 最小延迟: 469 ms, 最高速率: 8.16 M/s, 平均速率: 8.16 M/s, 最高分辨率: 1920x1080, 平均帧率: 25.00, 视频编解码器: h264, 音频编解码器: aac
分类: ☘️央视频道, 名称: CCTV风云剧场, 有效: 1, IPv4: 3, IPv6: 0, 最小延迟: 533 ms, 最高速率: 8.74 M/s, 平均速率: 8.74 M/s, 最高分辨率: 1920x1080, 平均帧率: 25.00, 视频编解码器: h264, 音频编解码器: aac
分类: ☘️央视频道, 名称: CCTV13, 有效: 0, IPv4: 6, IPv6: 0, 最小延迟: 588 ms, 最高速率: 2.46 M/s, 平均速率: 0.00 M/s, 最高分辨率: 1920x1080, 平均帧率: 41.67, 视频编解码器: h264, 音频编解码器: mp2
分类: ☘️央视频道, 名称: CCTV14, 有效: 0, IPv4: 6, IPv6: 0, 最小延迟: 577 ms, 最高速率: 1.93 M/s, 平均速率: 0.00 M/s, 最高分辨率: 1920x1080, 平均帧率: 41.67, 视频编解码器: h264, 音频编解码器: mp2
分类: ☘️央视频道, 名称: CCTV风云音乐, 有效: 1, IPv4: 3, IPv6: 0, 最小延迟: 538 ms, 最高速率: 7.97 M/s, 平均速率: 7.97 M/s, 最高分辨率: 1920x1080, 平均帧率: 25.00, 视频编解码器: h264, 音频编解码器: aac
分类: ☘️央视频道, 名称: CCTV风云足球, 有效: 1, IPv4: 3, IPv6: 0, 最小延迟: 498 ms, 最高速率: 7.05 M/s, 平均速率: 7.05 M/s, 最高分辨率: 1920x1080, 平均帧率: 25.00, 视频编解码器: h264, 音频编解码器: aac
分类: ☘️央视频道, 名称: CCTV怀旧剧场, 有效: 1, IPv4: 3, IPv6: 0, 最小延迟: 498 ms, 最高速率: 9.29 M/s, 平均速率: 9.29 M/s, 最高分辨率: 1920x1080, 平均帧率: 25.00, 视频编解码器: h264, 音频编解码器: aac
分类: ☘️央视频道, 名称: CCTV女性时尚, 有效: 1, IPv4: 3, IPv6: 0, 最小延迟: 498 ms, 最高速率: 9.25 M/s, 平均速率: 9.25 M/s, 最高分辨率: 1920x1080, 平均帧率: 25.00, 视频编解码器: h264, 音频编解码器: aac
分类: ☘️央视频道, 名称: CCTV央视文化精品, 有效: 0, IPv4: 1, IPv6: 0, 最小延迟: 892 ms, 最高速率: 3.26 M/s, 平均速率: 0.00 M/s, 最高分辨率: 1280x720, 平均帧率: 25.00, 视频编解码器: h264, 音频编解码器: aac
分类: ☘️央视频道, 名称: CCTV卫生健康, 有效: 0, IPv4: 2, IPv6: 0, 最小延迟: 2308 ms, 最高速率: 0.92 M/s, 平均速率: 0.00 M/s, 最高分辨率: 1280x720, 平均帧率: 25.00, 视频编解码器: h264, 音频编解码器: aac
分类: ☘️央视频道, 名称: 老故事, 有效: 0, IPv4: 1, IPv6: 0, 最小延迟: 320 ms, 最高速率: 1.29 M/s, 平均速率: 0.00 M/s, 最高分辨率: 1280x720, 平均帧率: 30.00, 视频编解码器: h264, 音频编解码器: aac
分类: ☘️央视频道, 名称: 发现之旅, 有效: 0, IPv4: 1, IPv6: 0, 最小延迟: 581 ms, 最高速率: 4.54 M/s, 平均速率: 0.00 M/s, 最高分辨率: 720x576, 平均帧率: 25.00, 视频编解码器: h264, 音频编解码器: aac
分类: ☘️央视频道, 名称: CCTV央视台球, 有效: 1, IPv4: 3, IPv6: 0, 最小延迟: 419 ms, 最高速率: 6.90 M/s, 平均速率: 6.90 M/s, 最高分辨率: 1920x1080, 平均帧率: 25.00, 视频编解码器: h264, 音频编解码器: aac
分类: ☘️央视频道, 名称: CCTV电视指南, 有效: 1, IPv4: 2, IPv6: 0, 最小延迟: 1878 ms, 最高速率: 2.16 M/s, 平均速率: 2.16 M/s, 最高分辨率: 1920x1080, 平均帧率: 25.00, 视频编解码器: h264, 音频编解码器: aac
分类: ☘️央视频道, 名称: CCTV17, 有效: 0, IPv4: 4, IPv6: 0, 最小延迟: 525 ms, 最高速率: 4.74 M/s, 平均速率: 0.00 M/s, 最高分辨率: 1280x720, 平均帧率: 25.00, 视频编解码器: h264, 音频编解码器: aac
分类: ☘️卫视频道, 名称: 兵团卫视, 有效: 0, IPv4: 2, IPv6: 0, 最小延迟: 462 ms, 最高速率: 5.73 M/s, 平均速率: 0.00 M/s, 最高分辨率: 720x576, 平均帧率: 25.00, 视频编解码器: h264, 音频编解码器: aac
分类: ☘️央视频道, 名称: CCTV15, 有效: 0, IPv4: 6, IPv6: 0, 最小延迟: 728 ms, 最高速率: 5.04 M/s, 平均速率: 0.00 M/s, 最高分辨率: 1920x1080, 平均帧率: 41.67, 视频编解码器: h264, 音频编解码器: mp2
分类: ☘️央视频道, 名称: CCTV世界地理, 有效: 1, IPv4: 3, IPv6: 0, 最小延迟: 514 ms, 最高速率: 7.45 M/s, 平均速率: 7.45 M/s, 最高分辨率: 1920x1080, 平均帧率: 25.00, 视频编解码器: h264, 音频编解码器: aac
分类: ☘️卫视频道, 名称: 东南卫视, 有效: 1, IPv4: 2, IPv6: 0, 最小延迟: 526 ms, 最高速率: 8.05 M/s, 平均速率: 8.05 M/s, 最高分辨率: 1920x1080, 平均帧率: 25.00, 视频编解码器: h264, 音频编解码器: aac
分类: ☘️卫视频道, 名称: 甘肃卫视, 有效: 1, IPv4: 2, IPv6: 0, 最小延迟: 441 ms, 最高速率: 5.13 M/s, 平均速率: 5.13 M/s, 最高分辨率: 1920x1080, 平均帧率: 25.00, 视频编解码器: h264, 音频编解码器: aac
分类: ☘️央视频道, 名称: CCTV央视精品, 有效: 0, IPv4: 1, IPv6: 0, 最小延迟: 10488 ms, 最高速率: 0.01 M/s, 平均速率: 0.00 M/s, 最高分辨率: None, 平均帧率: 未知, 视频编解码器: 未知, 音频编解码器: 未知
分类: ☘️卫视频道, 名称: 广西卫视, 有效: 1, IPv4: 3, IPv6: 0, 最小延迟: 559 ms, 最高速率: 8.46 M/s, 平均速率: 8.46 M/s, 最高分辨率: 1920x1080, 平均帧率: 25.00, 视频编解码器: h264, 音频编解码器: aac
分类: ☘️卫视频道, 名称: 北京卫视, 有效: 1, IPv4: 5, IPv6: 0, 最小延迟: 510 ms, 最高速率: 8.42 M/s, 平均速率: 8.42 M/s, 最高分辨率: 1920x1080, 平均帧率: 33.33, 视频编解码器: h264, 音频编解码器: aac
分类: ☘️卫视频道, 名称: 重庆卫视, 有效: 1, IPv4: 2, IPv6: 0, 最小延迟: 501 ms, 最高速率: 7.75 M/s, 平均速率: 7.75 M/s, 最高分辨率: 1920x1080, 平均帧率: 25.00, 视频编解码器: h264, 音频编解码器: aac
分类: ☘️卫视频道, 名称: 贵州卫视, 有效: 1, IPv4: 2, IPv6: 0, 最小延迟: 485 ms, 最高速率: 7.87 M/s, 平均速率: 7.87 M/s, 最高分辨率: 1920x1080, 平均帧率: 25.00, 视频编解码器: h264, 音频编解码器: aac
分类: ☘️卫视频道, 名称: 东方卫视, 有效: 1, IPv4: 5, IPv6: 0, 最小延迟: 489 ms, 最高速率: 7.42 M/s, 平均速率: 7.42 M/s, 最高分辨率: 1920x1080, 平均帧率: 25.00, 视频编解码器: h264, 音频编解码器: aac
分类: ☘️卫视频道, 名称: 安徽卫视, 有效: 1, IPv4: 4, IPv6: 0, 最小延迟: 529 ms, 最高速率: 8.18 M/s, 平均速率: 8.18 M/s, 最高分辨率: 1920x1080, 平均帧率: 25.00, 视频编解码器: h264, 音频编解码器: aac
分类: ☘️卫视频道, 名称: 河南卫视, 有效: 1, IPv4: 4, IPv6: 0, 最小延迟: 509 ms, 最高速率: 7.75 M/s, 平均速率: 7.75 M/s, 最高分辨率: 1920x1080, 平均帧率: 25.00, 视频编解码器: h264, 音频编解码器: aac
分类: ☘️卫视频道, 名称: 吉林卫视, 有效: 1, IPv4: 3, IPv6: 0, 最小延迟: 536 ms, 最高速率: 7.61 M/s, 平均速率: 7.61 M/s, 最高分辨率: 1920x1080, 平均帧率: 25.00, 视频编解码器: h264, 音频编解码器: aac
分类: ☘️卫视频道, 名称: 江西卫视, 有效: 1, IPv4: 3, IPv6: 0, 最小延迟: 493 ms, 最高速率: 8.91 M/s, 平均速率: 8.91 M/s, 最高分辨率: 1920x1080, 平均帧率: 25.00, 视频编解码器: h264, 音频编解码器: aac
分类: ☘️卫视频道, 名称: 广东卫视, 有效: 1, IPv4: 5, IPv6: 0, 最小延迟: 469 ms, 最高速率: 8.83 M/s, 平均速率: 8.83 M/s, 最高分辨率: 1920x1080, 平均帧率: 33.33, 视频编解码器: h264, 音频编解码器: aac
分类: ☘️卫视频道, 名称: 辽宁卫视, 有效: 1, IPv4: 3, IPv6: 0, 最小延迟: 607 ms, 最高速率: 8.05 M/s, 平均速率: 8.05 M/s, 最高分辨率: 1920x1080, 平均帧率: 25.00, 视频编解码器: h264, 音频编解码器: aac
分类: ☘️卫视频道, 名称: 黑龙江卫视, 有效: 1, IPv4: 3, IPv6: 0, 最小延迟: 561 ms, 最高速率: 8.77 M/s, 平均速率: 8.77 M/s, 最高分辨率: 1920x1080, 平均帧率: 25.00, 视频编解码器: h264, 音频编解码器: aac
分类: ☘️卫视频道, 名称: 湖北卫视, 有效: 1, IPv4: 4, IPv6: 0, 最小延迟: 528 ms, 最高速率: 8.58 M/s, 平均速率: 8.58 M/s, 最高分辨率: 1920x1080, 平均帧率: 25.00, 视频编解码器: h264, 音频编解码器: aac
分类: ☘️卫视频道, 名称: 青海卫视, 有效: 1, IPv4: 2, IPv6: 0, 最小延迟: 521 ms, 最高速率: 8.01 M/s, 平均速率: 8.01 M/s, 最高分辨率: 1920x1080, 平均帧率: 25.00, 视频编解码器: h264, 音频编解码器: aac
分类: ☘️卫视频道, 名称: 三沙卫视, 有效: 1, IPv4: 1, IPv6: 0, 最小延迟: 2091 ms, 最高速率: 2.33 M/s, 平均速率: 2.33 M/s, 最高分辨率: 1920x1080, 平均帧率: 25.00, 视频编解码器: h264, 音频编解码器: aac
分类: ☘️卫视频道, 名称: 河北卫视, 有效: 1, IPv4: 4, IPv6: 0, 最小延迟: 519 ms, 最高速率: 8.59 M/s, 平均速率: 8.59 M/s, 最高分辨率: 1920x1080, 平均帧率: 25.00, 视频编解码器: h264, 音频编解码器: aac
分类: ☘️卫视频道, 名称: 宁夏卫视, 有效: 1, IPv4: 2, IPv6: 0, 最小延迟: 4790 ms, 最高速率: 0.67 M/s, 平均速率: 0.67 M/s, 最高分辨率: 1920x1080, 平均帧率: 25.00, 视频编解码器: h264, 音频编解码器: aac
分类: ☘️卫视频道, 名称: 内蒙古卫视, 有效: 1, IPv4: 1, IPv6: 0, 最小延迟: 2541 ms, 最高速率: 1.75 M/s, 平均速率: 1.75 M/s, 最高分辨率: 1920x1080, 平均帧率: 25.00, 视频编解码器: h264, 音频编解码器: aac
分类: ☘️卫视频道, 名称: 山西卫视, 有效: 1, IPv4: 2, IPv6: 0, 最小延迟: 1523 ms, 最高速率: 2.48 M/s, 平均速率: 2.48 M/s, 最高分辨率: 1920x1080, 平均帧率: 25.00, 视频编解码器: h264, 音频编解码器: aac
分类: ☘️卫视频道, 名称: 湖南卫视, 有效: 1, IPv4: 5, IPv6: 0, 最小延迟: 534 ms, 最高速率: 9.30 M/s, 平均速率: 9.30 M/s, 最高分辨率: 1920x1080, 平均帧率: 33.33, 视频编解码器: h264, 音频编解码器: aac
分类: ☘️卫视频道, 名称: 江苏卫视, 有效: 2, IPv4: 6, IPv6: 0, 最小延迟: 513 ms, 最高速率: 8.06 M/s, 平均速率: 4.32 M/s, 最高分辨率: 1920x1080, 平均帧率: 33.33, 视频编解码器: h264, 音频编解码器: aac
分类: ☘️卫视频道, 名称: 新疆卫视, 有效: 1, IPv4: 2, IPv6: 0, 最小延迟: 671 ms, 最高速率: 5.95 M/s, 平均速率: 5.95 M/s, 最高分辨率: 1920x1080, 平均帧率: 25.00, 视频编解码器: h264, 音频编解码器: aac
分类: ☘️卫视频道, 名称: 天津卫视, 有效: 1, IPv4: 4, IPv6: 0, 最小延迟: 715 ms, 最高速率: 6.47 M/s, 平均速率: 6.47 M/s, 最高分辨率: 1920x1080, 平均帧率: 25.00, 视频编解码器: h264, 音频编解码器: aac
分类: ☘️卫视频道, 名称: 大湾区卫视, 有效: 0, IPv4: 1, IPv6: 0, 最小延迟: 350 ms, 最高速率: 3.24 M/s, 平均速率: 0.00 M/s, 最高分辨率: 1280x720, 平均帧率: 25.00, 视频编解码器: h264, 音频编解码器: aac
分类: ☘️卫视频道, 名称: 山东卫视, 有效: 2, IPv4: 4, IPv6: 0, 最小延迟: 686 ms, 最高速率: 2.19 M/s, 平均速率: 1.44 M/s, 最高分辨率: 1920x1080, 平均帧率: 33.33, 视频编解码器: h264, 音频编解码器: aac
分类: ☘️教育频道, 名称: CETV2, 有效: 0, IPv4: 1, IPv6: 0, 最小延迟: 467 ms, 最高速率: 5.70 M/s, 平均速率: 0.00 M/s, 最高分辨率: 720x576, 平均帧率: 25.00, 视频编解码器: h264, 音频编解码器: aac
分类: ☘️教育频道, 名称: CETV3, 有效: 0, IPv4: 1, IPv6: 0, 最小延迟: 463 ms, 最高速率: 5.65 M/s, 平均速率: 0.00 M/s, 最高分辨率: 720x576, 平均帧率: 25.00, 视频编解码器: h264, 音频编解码器: aac
分类: ☘️卫视频道, 名称: 陕西卫视, 有效: 1, IPv4: 2, IPv6: 0, 最小延迟: 500 ms, 最高速率: 7.81 M/s, 平均速率: 7.81 M/s, 最高分辨率: 1920x1080, 平均帧率: 25.00, 视频编解码器: h264, 音频编解码器: aac
分类: ☘️教育频道, 名称: CETV4, 有效: 0, IPv4: 1, IPv6: 0, 最小延迟: 482 ms, 最高速率: 5.39 M/s, 平均速率: 0.00 M/s, 最高分辨率: 720x576, 平均帧率: 25.00, 视频编解码器: h264, 音频编解码器: aac
分类: ☘️教育频道, 名称: CETV1, 有效: 1, IPv4: 2, IPv6: 0, 最小延迟: 532 ms, 最高速率: 9.65 M/s, 平均速率: 9.65 M/s, 最高分辨率: 1920x1080, 平均帧率: 25.00, 视频编解码器: h264, 音频编解码器: aac
分类: ☘️电影频道, 名称: CHC影迷电影, 有效: 0, IPv4: 1, IPv6: 0, 最小延迟: -1 ms, 最高速率: 0.00 M/s, 平均速率: 0.00 M/s, 最高分辨率: None, 平均帧率: 未知, 视频编解码器: 未知, 音频编解码器: 未知
分类: ☘️教育频道, 名称: CGTN, 有效: 0, IPv4: 1, IPv6: 0, 最小延迟: -1 ms, 最高速率: 0.00 M/s, 平均速率: 0.00 M/s, 最高分辨率: None, 平均帧率: 未知, 视频编解码器: 未知, 音频编解码器: 未知
分类: ☘️电影频道, 名称: CHC家庭影院, 有效: 1, IPv4: 2, IPv6: 0, 最小延迟: 1062 ms, 最高速率: 1.04 M/s, 平均速率: 1.04 M/s, 最高分辨率: 1920x1080, 平均帧率: 25.00, 视频编解码器: h264, 音频编解码器: aac
分类: ☘️电影频道, 名称: CHC动作电影, 有效: 1, IPv4: 2, IPv6: 0, 最小延迟: 1046 ms, 最高速率: 0.96 M/s, 平均速率: 0.96 M/s, 最高分辨率: 1920x1080, 平均帧率: 25.00, 视频编解码器: h264, 音频编解码器: aac
分类: ☘️卫视频道, 名称: 深圳卫视, 有效: 1, IPv4: 5, IPv6: 0, 最小延迟: 573 ms, 最高速率: 8.25 M/s, 平均速率: 8.25 M/s, 最高分辨率: 1920x1080, 平均帧率: 25.00, 视频编解码器: h264, 音频编解码器: aac
分类: ☘️电影频道, 名称: 吉林影视, 有效: 0, IPv4: 1, IPv6: 0, 最小延迟: -1 ms, 最高速率: 0.00 M/s, 平均速率: 0.00 M/s, 最高分辨率: None, 平均帧率: 未知, 视频编解码器: 未知, 音频编解码器: 未知
分类: ☘️动画频道, 名称: 北京卡酷少儿, 有效: 0, IPv4: 1, IPv6: 0, 最小延迟: -1 ms, 最高速率: 0.00 M/s, 平均速率: 0.00 M/s, 最高分辨率: None, 平均帧率: 未知, 视频编解码器: 未知, 音频编解码器: 未知
分类: ☘️动画频道, 名称: 动漫秀场, 有效: 0, IPv4: 1, IPv6: 0, 最小延迟: -1 ms, 最高速率: 0.00 M/s, 平均速率: 0.00 M/s, 最高分辨率: None, 平均帧率: 未知, 视频编解码器: 未知, 音频编解码器: 未知
分类: ☘️睛彩频道, 名称: 睛彩广场舞, 有效: 0, IPv4: 2, IPv6: 0, 最小延迟: -1 ms, 最高速率: 0.00 M/s, 平均速率: 0.00 M/s, 最高分辨率: None, 平均帧率: 未知, 视频编解码器: 未知, 音频编解码器: 未知
分类: ☘️卫视频道, 名称: 浙江卫视, 有效: 1, IPv4: 6, IPv6: 0, 最小延迟: 537 ms, 最高速率: 7.76 M/s, 平均速率: 7.76 M/s, 最高分辨率: 1920x1080, 平均帧率: 33.33, 视频编解码器: h264, 音频编解码器: aac
分类: ☘️卫视频道, 名称: 四川卫视, 有效: 1, IPv4: 3, IPv6: 0, 最小延迟: 1244 ms, 最高速率: 3.27 M/s, 平均速率: 3.27 M/s, 最高分辨率: 1920x1080, 平均帧率: 25.00, 视频编解码器: h264, 音频编解码器: aac
分类: ☘️睛彩频道, 名称: 睛彩竞技, 有效: 0, IPv4: 2, IPv6: 0, 最小延迟: -1 ms, 最高速率: 0.00 M/s, 平均速率: 0.00 M/s, 最高分辨率: None, 平均帧率: 未知, 视频编解码器: 未知, 音频编解码器: 未知
分类: ☘️睛彩频道, 名称: 睛彩篮球, 有效: 0, IPv4: 2, IPv6: 0, 最小延迟: -1 ms, 最高速率: 0.00 M/s, 平均速率: 0.00 M/s, 最高分辨率: None, 平均帧率: 未知, 视频编解码器: 未知, 音频编解码器: 未知
分类: ☘️睛彩频道, 名称: 睛彩青少, 有效: 0, IPv4: 2, IPv6: 0, 最小延迟: -1 ms, 最高速率: 0.00 M/s, 平均速率: 0.00 M/s, 最高分辨率: None, 平均帧率: 未知, 视频编解码器: 未知, 音频编解码器: 未知
分类: ☘️卫视频道, 名称: 云南卫视, 有效: 2, IPv4: 3, IPv6: 0, 最小延迟: 498 ms, 最高速率: 7.49 M/s, 平均速率: 4.05 M/s, 最高分辨率: 1920x1080, 平均帧率: 25.00, 视频编解码器: h264, 音频编解码器: aac
分类: ☘️咪视界, 名称: 咪视界1, 有效: 0, IPv4: 2, IPv6: 0, 最小延迟: -1 ms, 最高速率: 0.00 M/s, 平均速率: 0.00 M/s, 最高分辨率: None, 平均帧率: 未知, 视频编解码器: 未知, 音频编解码器: 未知
分类: ☘️咪视界, 名称: 咪视界2, 有效: 0, IPv4: 2, IPv6: 0, 最小延迟: -1 ms, 最高速率: 0.00 M/s, 平均速率: 0.00 M/s, 最高分辨率: None, 平均帧率: 未知, 视频编解码器: 未知, 音频编解码器: 未知
分类: ☘️咪视界, 名称: 咪视界3, 有效: 0, IPv4: 2, IPv6: 0, 最小延迟: -1 ms, 最高速率: 0.00 M/s, 平均速率: 0.00 M/s, 最高分辨率: None, 平均帧率: 未知, 视频编解码器: 未知, 音频编解码器: 未知
分类: ☘️咪视界, 名称: 咪视界4, 有效: 0, IPv4: 2, IPv6: 0, 最小延迟: -1 ms, 最高速率: 0.00 M/s, 平均速率: 0.00 M/s, 最高分辨率: None, 平均帧率: 未知, 视频编解码器: 未知, 音频编解码器: 未知
分类: ☘️咪视界, 名称: 咪视界5, 有效: 0, IPv4: 2, IPv6: 0, 最小延迟: -1 ms, 最高速率: 0.00 M/s, 平均速率: 0.00 M/s, 最高分辨率: None, 平均帧率: 未知, 视频编解码器: 未知, 音频编解码器: 未知
分类: ☘️电影频道, 名称: 湖北影视, 有效: 0, IPv4: 1, IPv6: 0, 最小延迟: 10171 ms, 最高速率: 0.29 M/s, 平均速率: 0.00 M/s, 最高分辨率: 1920x1080, 平均帧率: 25.00, 视频编解码器: h264, 音频编解码器: aac
分类: ☘️咪视界, 名称: 咪视界6, 有效: 0, IPv4: 2, IPv6: 0, 最小延迟: -1 ms, 最高速率: 0.00 M/s, 平均速率: 0.00 M/s, 最高分辨率: None, 平均帧率: 未知, 视频编解码器: 未知, 音频编解码器: 未知
分类: ☘️咪视界, 名称: 咪视界7, 有效: 0, IPv4: 2, IPv6: 0, 最小延迟: -1 ms, 最高速率: 0.00 M/s, 平均速率: 0.00 M/s, 最高分辨率: None, 平均帧率: 未知, 视频编解码器: 未知, 音频编解码器: 未知
分类: ☘️咪视界, 名称: 咪视界8, 有效: 0, IPv4: 2, IPv6: 0, 最小延迟: -1 ms, 最高速率: 0.00 M/s, 平均速率: 0.00 M/s, 最高分辨率: None, 平均帧率: 未知, 视频编解码器: 未知, 音频编解码器: 未知
分类: ☘️咪视界, 名称: 咪视界9, 有效: 0, IPv4: 2, IPv6: 0, 最小延迟: -1 ms, 最高速率: 0.00 M/s, 平均速率: 0.00 M/s, 最高分辨率: None, 平均帧率: 未知, 视频编解码器: 未知, 音频编解码器: 未知
分类: ☘️咪视界, 名称: 咪视界10, 有效: 0, IPv4: 2, IPv6: 0, 最小延迟: -1 ms, 最高速率: 0.00 M/s, 平均速率: 0.00 M/s, 最高分辨率: None, 平均帧率: 未知, 视频编解码器: 未知, 音频编解码器: 未知
分类: ☘️咪视界, 名称: 咪视界11, 有效: 0, IPv4: 2, IPv6: 0, 最小延迟: -1 ms, 最高速率: 0.00 M/s, 平均速率: 0.00 M/s, 最高分辨率: None, 平均帧率: 未知, 视频编解码器: 未知, 音频编解码器: 未知
分类: ☘️咪视界, 名称: 咪视界12, 有效: 0, IPv4: 2, IPv6: 0, 最小延迟: -1 ms, 最高速率: 0.00 M/s, 平均速率: 0.00 M/s, 最高分辨率: None, 平均帧率: 未知, 视频编解码器: 未知, 音频编解码器: 未知
分类: ☘️咪视界, 名称: 咪视界13, 有效: 0, IPv4: 2, IPv6: 0, 最小延迟: -1 ms, 最高速率: 0.00 M/s, 平均速率: 0.00 M/s, 最高分辨率: None, 平均帧率: 未知, 视频编解码器: 未知, 音频编解码器: 未知
分类: ☘️咪视界, 名称: 咪视界14, 有效: 0, IPv4: 2, IPv6: 0, 最小延迟: -1 ms, 最高速率: 0.00 M/s, 平均速率: 0.00 M/s, 最高分辨率: None, 平均帧率: 未知, 视频编解码器: 未知, 音频编解码器: 未知
分类: ☘️咪视界, 名称: 咪视界15, 有效: 0, IPv4: 2, IPv6: 0, 最小延迟: -1 ms, 最高速率: 0.00 M/s, 平均速率: 0.00 M/s, 最高分辨率: None, 平均帧率: 未知, 视频编解码器: 未知, 音频编解码器: 未知
分类: ☘️咪视界, 名称: 咪视界16, 有效: 0, IPv4: 2, IPv6: 0, 最小延迟: -1 ms, 最高速率: 0.00 M/s, 平均速率: 0.00 M/s, 最高分辨率: None, 平均帧率: 未知, 视频编解码器: 未知, 音频编解码器: 未知
分类: ☘️咪视界, 名称: 咪视界17, 有效: 0, IPv4: 2, IPv6: 0, 最小延迟: -1 ms, 最高速率: 0.00 M/s, 平均速率: 0.00 M/s, 最高分辨率: None, 平均帧率: 未知, 视频编解码器: 未知, 音频编解码器: 未知
分类: ☘️咪视界, 名称: 咪视界18, 有效: 0, IPv4: 2, IPv6: 0, 最小延迟: -1 ms, 最高速率: 0.00 M/s, 平均速率: 0.00 M/s, 最高分辨率: None, 平均帧率: 未知, 视频编解码器: 未知, 音频编解码器: 未知
分类: ☘️咪视界, 名称: 咪视界19, 有效: 0, IPv4: 2, IPv6: 0, 最小延迟: -1 ms, 最高速率: 0.00 M/s, 平均速率: 0.00 M/s, 最高分辨率: None, 平均帧率: 未知, 视频编解码器: 未知, 音频编解码器: 未知
分类: ☘️动画频道, 名称: 金鹰卡通, 有效: 1, IPv4: 1, IPv6: 0, 最小延迟: 7820 ms, 最高速率: 0.64 M/s, 平均速率: 0.64 M/s, 最高分辨率: 1920x1080, 平均帧率: 25.00, 视频编解码器: h264, 音频编解码器: aac
分类: ☘️咪视界, 名称: 咪视界20, 有效: 0, IPv4: 2, IPv6: 0, 最小延迟: -1 ms, 最高速率: 0.00 M/s, 平均速率: 0.00 M/s, 最高分辨率: None, 平均帧率: 未知, 视频编解码器: 未知, 音频编解码器: 未知
分类: ☘️咪视界, 名称: 咪视界21, 有效: 0, IPv4: 2, IPv6: 0, 最小延迟: -1 ms, 最高速率: 0.00 M/s, 平均速率: 0.00 M/s, 最高分辨率: None, 平均帧率: 未知, 视频编解码器: 未知, 音频编解码器: 未知
分类: ☘️咪视界, 名称: 咪视界22, 有效: 0, IPv4: 2, IPv6: 0, 最小延迟: -1 ms, 最高速率: 0.00 M/s, 平均速率: 0.00 M/s, 最高分辨率: None, 平均帧率: 未知, 视频编解码器: 未知, 音频编解码器: 未知
分类: ☘️咪视界, 名称: 咪视界23, 有效: 0, IPv4: 2, IPv6: 0, 最小延迟: -1 ms, 最高速率: 0.00 M/s, 平均速率: 0.00 M/s, 最高分辨率: None, 平均帧率: 未知, 视频编解码器: 未知, 音频编解码器: 未知
分类: ☘️咪视界, 名称: 咪视界24, 有效: 0, IPv4: 2, IPv6: 0, 最小延迟: -1 ms, 最高速率: 0.00 M/s, 平均速率: 0.00 M/s, 最高分辨率: None, 平均帧率: 未知, 视频编解码器: 未知, 音频编解码器: 未知
分类: ☘️咪视界, 名称: 咪视界25, 有效: 0, IPv4: 2, IPv6: 0, 最小延迟: -1 ms, 最高速率: 0.00 M/s, 平均速率: 0.00 M/s, 最高分辨率: None, 平均帧率: 未知, 视频编解码器: 未知, 音频编解码器: 未知
分类: ☘️咪视界, 名称: 咪视界26, 有效: 0, IPv4: 2, IPv6: 0, 最小延迟: -1 ms, 最高速率: 0.00 M/s, 平均速率: 0.00 M/s, 最高分辨率: None, 平均帧率: 未知, 视频编解码器: 未知, 音频编解码器: 未知
分类: ☘️咪视界, 名称: 咪视界27, 有效: 0, IPv4: 2, IPv6: 0, 最小延迟: -1 ms, 最高速率: 0.00 M/s, 平均速率: 0.00 M/s, 最高分辨率: None, 平均帧率: 未知, 视频编解码器: 未知, 音频编解码器: 未知
分类: ☘️咪视界, 名称: 咪视界28, 有效: 0, IPv4: 2, IPv6: 0, 最小延迟: -1 ms, 最高速率: 0.00 M/s, 平均速率: 0.00 M/s, 最高分辨率: None, 平均帧率: 未知, 视频编解码器: 未知, 音频编解码器: 未知
分类: ☘️咪视界, 名称: 咪视界29, 有效: 0, IPv4: 2, IPv6: 0, 最小延迟: -1 ms, 最高速率: 0.00 M/s, 平均速率: 0.00 M/s, 最高分辨率: None, 平均帧率: 未知, 视频编解码器: 未知, 音频编解码器: 未知
分类: ☘️咪视界, 名称: 咪视界30, 有效: 0, IPv4: 2, IPv6: 0, 最小延迟: -1 ms, 最高速率: 0.00 M/s, 平均速率: 0.00 M/s, 最高分辨率: None, 平均帧率: 未知, 视频编解码器: 未知, 音频编解码器: 未知
分类: ☘️咪视界, 名称: 咪视界31, 有效: 0, IPv4: 2, IPv6: 0, 最小延迟: -1 ms, 最高速率: 0.00 M/s, 平均速率: 0.00 M/s, 最高分辨率: None, 平均帧率: 未知, 视频编解码器: 未知, 音频编解码器: 未知
分类: ☘️咪视界, 名称: 咪视界32, 有效: 0, IPv4: 2, IPv6: 0, 最小延迟: -1 ms, 最高速率: 0.00 M/s, 平均速率: 0.00 M/s, 最高分辨率: None, 平均帧率: 未知, 视频编解码器: 未知, 音频编解码器: 未知
分类: ☘️咪视界, 名称: 咪视界33, 有效: 0, IPv4: 2, IPv6: 0, 最小延迟: -1 ms, 最高速率: 0.00 M/s, 平均速率: 0.00 M/s, 最高分辨率: None, 平均帧率: 未知, 视频编解码器: 未知, 音频编解码器: 未知
分类: ☘️咪视界, 名称: 咪视界34, 有效: 0, IPv4: 2, IPv6: 0, 最小延迟: -1 ms, 最高速率: 0.00 M/s, 平均速率: 0.00 M/s, 最高分辨率: None, 平均帧率: 未知, 视频编解码器: 未知, 音频编解码器: 未知
分类: ☘️咪视界, 名称: 咪视界35, 有效: 0, IPv4: 2, IPv6: 0, 最小延迟: -1 ms, 最高速率: 0.00 M/s, 平均速率: 0.00 M/s, 最高分辨率: None, 平均帧率: 未知, 视频编解码器: 未知, 音频编解码器: 未知
分类: ☘️咪视界, 名称: 咪视界36, 有效: 0, IPv4: 2, IPv6: 0, 最小延迟: -1 ms, 最高速率: 0.00 M/s, 平均速率: 0.00 M/s, 最高分辨率: None, 平均帧率: 未知, 视频编解码器: 未知, 音频编解码器: 未知
分类: ☘️咪视界, 名称: 咪视界37, 有效: 0, IPv4: 2, IPv6: 0, 最小延迟: -1 ms, 最高速率: 0.00 M/s, 平均速率: 0.00 M/s, 最高分辨率: None, 平均帧率: 未知, 视频编解码器: 未知, 音频编解码器: 未知
分类: ☘️咪视界, 名称: 咪视界38, 有效: 0, IPv4: 2, IPv6: 0, 最小延迟: -1 ms, 最高速率: 0.00 M/s, 平均速率: 0.00 M/s, 最高分辨率: None, 平均帧率: 未知, 视频编解码器: 未知, 音频编解码器: 未知
分类: ☘️咪视界, 名称: 咪视界4K-1, 有效: 0, IPv4: 2, IPv6: 0, 最小延迟: -1 ms, 最高速率: 0.00 M/s, 平均速率: 0.00 M/s, 最高分辨率: None, 平均帧率: 未知, 视频编解码器: 未知, 音频编解码器: 未知
分类: ☘️咪视界, 名称: 咪视界4K-2, 有效: 0, IPv4: 2, IPv6: 0, 最小延迟: -1 ms, 最高速率: 0.00 M/s, 平均速率: 0.00 M/s, 最高分辨率: None, 平均帧率: 未知, 视频编解码器: 未知, 音频编解码器: 未知
分类: ☘️其他频道, 名称: 金鹰纪实, 有效: 0, IPv4: 1, IPv6: 0, 最小延迟: -1 ms, 最高速率: 0.00 M/s, 平均速率: 0.00 M/s, 最高分辨率: None, 平均帧率: 未知, 视频编解码器: 未知, 音频编解码器: 未知
分类: ☘️其他频道, 名称: 梨园频道, 有效: 0, IPv4: 1, IPv6: 0, 最小延迟: -1 ms, 最高速率: 0.00 M/s, 平均速率: 0.00 M/s, 最高分辨率: None, 平均帧率: 未知, 视频编解码器: 未知, 音频编解码器: 未知
分类: ☘️其他频道, 名称: 湖北生活, 有效: 0, IPv4: 1, IPv6: 0, 最小延迟: 10181 ms, 最高速率: 0.17 M/s, 平均速率: 0.00 M/s, 最高分辨率: 1920x1080, 平均帧率: 25.00, 视频编解码器: h264, 音频编解码器: aac
分类: ☘️其他频道, 名称: 湖北教育, 有效: 0, IPv4: 1, IPv6: 0, 最小延迟: 10831 ms, 最高速率: 0.15 M/s, 平均速率: 0.00 M/s, 最高分辨率: 1920x1080, 平均帧率: 25.00, 视频编解码器: h264, 音频编解码器: aac
分类: ☘️其他频道, 名称: 吉林都市, 有效: 0, IPv4: 1, IPv6: 0, 最小延迟: 10132 ms, 最高速率: 0.01 M/s, 平均速率: 0.00 M/s, 最高分辨率: None, 平均帧率: 未知, 视频编解码器: 未知, 音频编解码器: 未知
分类: ☘️其他频道, 名称: 茶频道, 有效: 0, IPv4: 1, IPv6: 0, 最小延迟: 10005 ms, 最高速率: 0.01 M/s, 平均速率: 0.00 M/s, 最高分辨率: None, 平均帧率: 未知, 视频编解码器: 未知, 音频编解码器: 未知
分类: ☘️其他频道, 名称: 快乐垂钓, 有效: 0, IPv4: 1, IPv6: 0, 最小延迟: -1 ms, 最高速率: 0.00 M/s, 平均速率: 0.00 M/s, 最高分辨率: None, 平均帧率: 未知, 视频编解码器: 未知, 音频编解码器: 未知
分类: ☘️其他频道, 名称: 湖北综合, 有效: 0, IPv4: 2, IPv6: 0, 最小延迟: 7352 ms, 最高速率: 0.44 M/s, 平均速率: 0.00 M/s, 最高分辨率: 1920x1080, 平均帧率: 25.00, 视频编解码器: h264, 音频编解码器: aac
分类: ☘️其他频道, 名称: 吉林生活, 有效: 0, IPv4: 1, IPv6: 0, 最小延迟: 10422 ms, 最高速率: 0.00 M/s, 平均速率: 0.00 M/s, 最高分辨率: None, 平均帧率: 未知, 视频编解码器: 未知, 音频编解码器: 未知
分类: ☘️其他频道, 名称: 湖北经视, 有效: 0, IPv4: 1, IPv6: 0, 最小延迟: 7690 ms, 最高速率: 0.42 M/s, 平均速率: 0.00 M/s, 最高分辨率: None, 平均帧率: 未知, 视频编解码器: 未知, 音频编解码器: 未知
分类: ☘️其他频道, 名称: 吉林教育, 有效: 0, IPv4: 1, IPv6: 0, 最小延迟: -1 ms, 最高速率: 0.00 M/s, 平均速率: 0.00 M/s, 最高分辨率: None, 平均帧率: 未知, 视频编解码器: 未知, 音频编解码器: 未知
分类: ☘️轮播, 名称: 成龙, 有效: 0, IPv4: 2, IPv6: 0, 最小延迟: 463 ms, 最高速率: 5.70 M/s, 平均速率: 0.00 M/s, 最高分辨率: 1694x720, 平均帧率: 25.00, 视频编解码器: h264, 音频编解码器: aac
分类: ☘️轮播, 名称: 周润发, 有效: 0, IPv4: 2, IPv6: 0, 最小延迟: 391 ms, 最高速率: 3.59 M/s, 平均速率: 0.00 M/s, 最高分辨率: 850x480, 平均帧率: 25.00, 视频编解码器: h264, 音频编解码器: aac
分类: ☘️其他频道, 名称: 吉林乡村, 有效: 0, IPv4: 1, IPv6: 0, 最小延迟: -1 ms, 最高速率: 0.00 M/s, 平均速率: 0.00 M/s, 最高分辨率: None, 平均帧率: 未知, 视频编解码器: 未知, 音频编解码器: 未知
分类: ☘️其他频道, 名称: 文物宝库, 有效: 0, IPv4: 1, IPv6: 0, 最小延迟: -1 ms, 最高速率: 0.00 M/s, 平均速率: 0.00 M/s, 最高分辨率: None, 平均帧率: 未知, 视频编解码器: 未知, 音频编解码器: 未知
分类: ☘️其他频道, 名称: 金色学堂, 有效: 0, IPv4: 1, IPv6: 0, 最小延迟: 10387 ms, 最高速率: 0.00 M/s, 平均速率: 0.00 M/s, 最高分辨率: None, 平均帧率: 未知, 视频编解码器: 未知, 音频编解码器: 未知
分类: ☘️轮播, 名称: 周星驰, 有效: 0, IPv4: 1, IPv6: 0, 最小延迟: 518 ms, 最高速率: 5.80 M/s, 平均速率: 0.00 M/s, 最高分辨率: 1280x720, 平均帧率: 25.00, 视频编解码器: h264, 音频编解码器: aac
分类: ☘️轮播, 名称: 陈翔六点半, 有效: 0, IPv4: 1, IPv6: 0, 最小延迟: -1 ms, 最高速率: 0.00 M/s, 平均速率: 0.00 M/s, 最高分辨率: None, 平均帧率: 未知, 视频编解码器: 未知, 音频编解码器: 未知
分类: ☘️其他频道, 名称: 武术世界, 有效: 0, IPv4: 1, IPv6: 0, 最小延迟: -1 ms, 最高速率: 0.00 M/s, 平均速率: 0.00 M/s, 最高分辨率: None, 平均帧率: 未知, 视频编解码器: 未知, 音频编解码器: 未知
分类: ☘️轮播, 名称: 林正英, 有效: 1, IPv4: 2, IPv6: 0, 最小延迟: 422 ms, 最高速率: 9.45 M/s, 平均速率: 9.45 M/s, 最高分辨率: 1920x1080, 平均帧率: 24.50, 视频编解码器: h264, 音频编解码器: aac
分类: ☘️轮播, 名称: 邵氏1, 有效: 1, IPv4: 1, IPv6: 0, 最小延迟: 837 ms, 最高速率: 3.41 M/s, 平均速率: 3.41 M/s, 最高分辨率: 1920x1080, 平均帧率: 24.00, 视频编解码器: h264, 音频编解码器: aac
分类: ☘️轮播, 名称: 邵氏3, 有效: 0, IPv4: 1, IPv6: 0, 最小延迟: 940 ms, 最高速率: 4.17 M/s, 平均速率: 0.00 M/s, 最高分辨率: 1920x818, 平均帧率: 24.00, 视频编解码器: h264, 音频编解码器: aac
分类: ☘️轮播, 名称: 邵氏2, 有效: 1, IPv4: 1, IPv6: 0, 最小延迟: 1087 ms, 最高速率: 4.66 M/s, 平均速率: 4.66 M/s, 最高分辨率: 1920x1080, 平均帧率: 24.00, 视频编解码器: h264, 音频编解码器: aac
分类: ☘️其他频道, 名称: 游戏风云, 有效: 0, IPv4: 1, IPv6: 0, 最小延迟: 10899 ms, 最高速率: 0.00 M/s, 平均速率: 0.00 M/s, 最高分辨率: None, 平均帧率: 未知, 视频编解码器: 未知, 音频编解码器: 未知
分类: ☘️历年春晚, 名称: 春晚1990, 有效: 0, IPv4: 1, IPv6: 0, 最小延迟: -1 ms, 最高速率: 0.00 M/s, 平均速率: 0.00 M/s, 最高分辨率: None, 平均帧率: 未知, 视频编解码器: 未知, 音频编解码器: 未知
分类: ☘️历年春晚, 名称: 春晚1992, 有效: 0, IPv4: 1, IPv6: 0, 最小延迟: -1 ms, 最高速率: 0.00 M/s, 平均速率: 0.00 M/s, 最高分辨率: None, 平均帧率: 未知, 视频编解码器: 未知, 音频编解码器: 未知
分类: ☘️其他频道, 名称: 生活时尚, 有效: 0, IPv4: 1, IPv6: 0, 最小延迟: 10502 ms, 最高速率: 0.03 M/s, 平均速率: 0.00 M/s, 最高分辨率: None, 平均帧率: 未知, 视频编解码器: 未知, 音频编解码器: 未知
分类: ☘️历年春晚, 名称: 春晚1986, 有效: 0, IPv4: 1, IPv6: 0, 最小延迟: 114 ms, 最高速率: 29.97 M/s, 平均速率: 0.00 M/s, 最高分辨率: 768x576, 平均帧率: 25.00, 视频编解码器: h264, 音频编解码器: aac
分类: ☘️历年春晚, 名称: 春晚1984, 有效: 0, IPv4: 1, IPv6: 0, 最小延迟: 114 ms, 最高速率: 22.72 M/s, 平均速率: 0.00 M/s, 最高分辨率: 768x576, 平均帧率: 25.00, 视频编解码器: h264, 音频编解码器: aac
分类: ☘️历年春晚, 名称: 春晚1985, 有效: 0, IPv4: 1, IPv6: 0, 最小延迟: 126 ms, 最高速率: 97.67 M/s, 平均速率: 0.00 M/s, 最高分辨率: 768x576, 平均帧率: 25.00, 视频编解码器: h264, 音频编解码器: aac
分类: ☘️历年春晚, 名称: 春晚1987, 有效: 0, IPv4: 2, IPv6: 0, 最小延迟: 115 ms, 最高速率: 90.12 M/s, 平均速率: 0.00 M/s, 最高分辨率: 640x480, 平均帧率: 25.00, 视频编解码器: h264, 音频编解码器: aac
分类: ☘️历年春晚, 名称: 春晚1983, 有效: 0, IPv4: 1, IPv6: 0, 最小延迟: 120 ms, 最高速率: 56.83 M/s, 平均速率: 0.00 M/s, 最高分辨率: 768x576, 平均帧率: 25.00, 视频编解码器: h264, 音频编解码器: aac
分类: ☘️历年春晚, 名称: 春晚1998, 有效: 0, IPv4: 1, IPv6: 0, 最小延迟: -1 ms, 最高速率: 0.00 M/s, 平均速率: 0.00 M/s, 最高分辨率: None, 平均帧率: 未知, 视频编解码器: 未知, 音频编解码器: 未知
分类: ☘️历年春晚, 名称: 春晚1997, 有效: 0, IPv4: 1, IPv6: 0, 最小延迟: -1 ms, 最高速率: 0.00 M/s, 平均速率: 0.00 M/s, 最高分辨率: None, 平均帧率: 未知, 视频编解码器: 未知, 音频编解码器: 未知
分类: ☘️历年春晚, 名称: 春晚1988, 有效: 0, IPv4: 2, IPv6: 0, 最小延迟: 128 ms, 最高速率: 54.67 M/s, 平均速率: 0.00 M/s, 最高分辨率: 640x480, 平均帧率: 25.00, 视频编解码器: h264, 音频编解码器: aac
分类: ☘️历年春晚, 名称: 春晚1989, 有效: 0, IPv4: 2, IPv6: 0, 最小延迟: 85 ms, 最高速率: 78.71 M/s, 平均速率: 0.00 M/s, 最高分辨率: 640x480, 平均帧率: 25.00, 视频编解码器: h264, 音频编解码器: aac
分类: ☘️历年春晚, 名称: 春晚1991, 有效: 0, IPv4: 1, IPv6: 0, 最小延迟: 138 ms, 最高速率: 76.97 M/s, 平均速率: 0.00 M/s, 最高分辨率: 768x576, 平均帧率: 25.00, 视频编解码器: h264, 音频编解码器: aac
分类: ☘️历年春晚, 名称: 春晚1993, 有效: 0, IPv4: 1, IPv6: 0, 最小延迟: 69 ms, 最高速率: 78.14 M/s, 平均速率: 0.00 M/s, 最高分辨率: 982x720, 平均帧率: 25.00, 视频编解码器: h264, 音频编解码器: aac
分类: ☘️历年春晚, 名称: 春晚1994, 有效: 0, IPv4: 1, IPv6: 0, 最小延迟: 44 ms, 最高速率: 166.55 M/s, 平均速率: 0.00 M/s, 最高分辨率: 982x720, 平均帧率: 25.00, 视频编解码器: h264, 音频编解码器: aac
分类: ☘️历年春晚, 名称: 春晚1995, 有效: 0, IPv4: 1, IPv6: 0, 最小延迟: 51 ms, 最高速率: 120.10 M/s, 平均速率: 0.00 M/s, 最高分辨率: 982x720, 平均帧率: 25.00, 视频编解码器: h264, 音频编解码器: aac
分类: ☘️历年春晚, 名称: 春晚1996, 有效: 0, IPv4: 1, IPv6: 0, 最小延迟: 45 ms, 最高速率: 110.67 M/s, 平均速率: 0.00 M/s, 最高分辨率: 982x720, 平均帧率: 25.00, 视频编解码器: h264, 音频编解码器: aac
分类: ☘️历年春晚, 名称: 春晚1999, 有效: 0, IPv4: 1, IPv6: 0, 最小延迟: 61 ms, 最高速率: 109.76 M/s, 平均速率: 0.00 M/s, 最高分辨率: 982x720, 平均帧率: 25.00, 视频编解码器: h264, 音频编解码器: aac
分类: ☘️历年春晚, 名称: 春晚2000, 有效: 0, IPv4: 1, IPv6: 0, 最小延迟: 77 ms, 最高速率: 98.77 M/s, 平均速率: 0.00 M/s, 最高分辨率: 982x720, 平均帧率: 25.00, 视频编解码器: h264, 音频编解码器: aac
分类: ☘️历年春晚, 名称: 春晚2001, 有效: 0, IPv4: 1, IPv6: 0, 最小延迟: 68 ms, 最高速率: 100.10 M/s, 平均速率: 0.00 M/s, 最高分辨率: 982x720, 平均帧率: 25.00, 视频编解码器: h264, 音频编解码器: aac
分类: ☘️历年春晚, 名称: 春晚2002, 有效: 0, IPv4: 1, IPv6: 0, 最小延迟: 76 ms, 最高速率: 108.65 M/s, 平均速率: 0.00 M/s, 最高分辨率: 982x720, 平均帧率: 25.00, 视频编解码器: h264, 音频编解码器: aac
分类: ☘️历年春晚, 名称: 春晚2003, 有效: 0, IPv4: 1, IPv6: 0, 最小延迟: 78 ms, 最高速率: 13.29 M/s, 平均速率: 0.00 M/s, 最高分辨率: 982x720, 平均帧率: 25.00, 视频编解码器: h264, 音频编解码器: aac
分类: ☘️历年春晚, 名称: 春晚2005, 有效: 0, IPv4: 1, IPv6: 0, 最小延迟: 22 ms, 最高速率: 122.25 M/s, 平均速率: 0.00 M/s, 最高分辨率: 982x720, 平均帧率: 25.00, 视频编解码器: h264, 音频编解码器: aac
分类: ☘️历年春晚, 名称: 春晚2012, 有效: 0, IPv4: 1, IPv6: 0, 最小延迟: -1 ms, 最高速率: 0.00 M/s, 平均速率: 0.00 M/s, 最高分辨率: None, 平均帧率: 未知, 视频编解码器: 未知, 音频编解码器: 未知
分类: ☘️历年春晚, 名称: 春晚2004, 有效: 0, IPv4: 1, IPv6: 0, 最小延迟: 70 ms, 最高速率: 79.43 M/s, 平均速率: 0.00 M/s, 最高分辨率: 982x720, 平均帧率: 25.00, 视频编解码器: h264, 音频编解码器: aac
分类: ☘️历年春晚, 名称: 春晚2016, 有效: 0, IPv4: 1, IPv6: 0, 最小延迟: -1 ms, 最高速率: 0.00 M/s, 平均速率: 0.00 M/s, 最高分辨率: None, 平均帧率: 未知, 视频编解码器: 未知, 音频编解码器: 未知
分类: ☘️历年春晚, 名称: 春晚2006, 有效: 0, IPv4: 1, IPv6: 0, 最小延迟: 63 ms, 最高速率: 135.62 M/s, 平均速率: 0.00 M/s, 最高分辨率: 786x576, 平均帧率: 25.00, 视频编解码器: h264, 音频编解码器: aac
分类: ☘️历年春晚, 名称: 春晚2008, 有效: 0, IPv4: 2, IPv6: 0, 最小延迟: 59 ms, 最高速率: 117.40 M/s, 平均速率: 0.00 M/s, 最高分辨率: 982x720, 平均帧率: 25.00, 视频编解码器: h264, 音频编解码器: aac
分类: ☘️历年春晚, 名称: 春晚2007, 有效: 0, IPv4: 1, IPv6: 0, 最小延迟: 66 ms, 最高速率: 117.85 M/s, 平均速率: 0.00 M/s, 最高分辨率: 982x720, 平均帧率: 25.00, 视频编解码器: h264, 音频编解码器: aac
分类: ☘️历年春晚, 名称: 春晚2011, 有效: 0, IPv4: 2, IPv6: 0, 最小延迟: 78 ms, 最高速率: 102.97 M/s, 平均速率: 0.00 M/s, 最高分辨率: 982x720, 平均帧率: 25.00, 视频编解码器: h264, 音频编解码器: aac
分类: ☘️历年春晚, 名称: 春晚2009, 有效: 0, IPv4: 1, IPv6: 0, 最小延迟: 63 ms, 最高速率: 62.39 M/s, 平均速率: 0.00 M/s, 最高分辨率: 786x576, 平均帧率: 25.00, 视频编解码器: h264, 音频编解码器: aac
分类: ☘️历年春晚, 名称: 春晚2010, 有效: 0, IPv4: 1, IPv6: 0, 最小延迟: 70 ms, 最高速率: 102.79 M/s, 平均速率: 0.00 M/s, 最高分辨率: 982x720, 平均帧率: 25.00, 视频编解码器: h264, 音频编解码器: aac
分类: ☘️历年春晚, 名称: 春晚2023, 有效: 0, IPv4: 1, IPv6: 0, 最小延迟: -1 ms, 最高速率: 0.00 M/s, 平均速率: 0.00 M/s, 最高分辨率: None, 平均帧率: 未知, 视频编解码器: 未知, 音频编解码器: 未知
分类: ☘️历年春晚, 名称: 春晚2013, 有效: 0, IPv4: 1, IPv6: 0, 最小延迟: 68 ms, 最高速率: 99.87 M/s, 平均速率: 0.00 M/s, 最高分辨率: 768x576, 平均帧率: 25.00, 视频编解码器: h264, 音频编解码器: aac
分类: ☘️历年春晚, 名称: 春晚2014, 有效: 0, IPv4: 1, IPv6: 0, 最小延迟: 64 ms, 最高速率: 96.66 M/s, 平均速率: 0.00 M/s, 最高分辨率: 1280x720, 平均帧率: 25.00, 视频编解码器: h264, 音频编解码器: aac
分类: ☘️历年春晚, 名称: 春晚2015, 有效: 0, IPv4: 1, IPv6: 0, 最小延迟: 70 ms, 最高速率: 134.13 M/s, 平均速率: 0.00 M/s, 最高分辨率: 1280x720, 平均帧率: 25.00, 视频编解码器: h264, 音频编解码器: aac
分类: ☘️历年春晚, 名称: 春晚2017, 有效: 0, IPv4: 1, IPv6: 0, 最小延迟: 44 ms, 最高速率: 141.48 M/s, 平均速率: 0.00 M/s, 最高分辨率: 1280x720, 平均帧率: 25.00, 视频编解码器: h264, 音频编解码器: aac
分类: ☘️历年春晚, 名称: 春晚2025, 有效: 2, IPv4: 3, IPv6: 0, 最小延迟: 685 ms, 最高速率: 8.18 M/s, 平均速率: 4.70 M/s, 最高分辨率: 1920x1080, 平均帧率: 25.00, 视频编解码器: h264, 音频编解码器: aac
分类: ☘️历年春晚, 名称: 春晚2018, 有效: 0, IPv4: 1, IPv6: 0, 最小延迟: 40 ms, 最高速率: 127.43 M/s, 平均速率: 0.00 M/s, 最高分辨率: 1280x720, 平均帧率: 25.00, 视频编解码器: h264, 音频编解码器: aac
分类: ☘️历年春晚, 名称: 春晚2020, 有效: 0, IPv4: 1, IPv6: 0, 最小延迟: 61 ms, 最高速率: 156.01 M/s, 平均速率: 0.00 M/s, 最高分辨率: 1280x720, 平均帧率: 25.00, 视频编解码器: h264, 音频编解码器: aac
分类: ☘️历年春晚, 名称: 春晚2024, 有效: 0, IPv4: 1, IPv6: 0, 最小延迟: 2310 ms, 最高速率: 0.27 M/s, 平均速率: 0.00 M/s, 最高分辨率: 1920x1080, 平均帧率: 25.00, 视频编解码器: h264, 音频编解码器: aac
分类: ☘️历年春晚, 名称: 春晚2021, 有效: 0, IPv4: 1, IPv6: 0, 最小延迟: 71 ms, 最高速率: 141.82 M/s, 平均速率: 0.00 M/s, 最高分辨率: 1280x720, 平均帧率: 25.00, 视频编解码器: h264, 音频编解码器: aac
分类: ☘️历年春晚, 名称: 春晚2022, 有效: 0, IPv4: 1, IPv6: 0, 最小延迟: 37 ms, 最高速率: 154.82 M/s, 平均速率: 0.00 M/s, 最高分辨率: 1280x720, 平均帧率: 25.00, 视频编解码器: h264, 音频编解码器: aac
